2026-06-26T04:50:22.753081Z  INFO herdr::logging: herdr starting event="app.startup" subsystem="client" outcome="started" pid=23121
2026-06-26T04:50:22.753121Z  INFO herdr::client: connecting to server path=/Users/topone/.config/herdr/herdr-client.sock
2026-06-26T04:50:22.766769Z  INFO herdr::client: handshake succeeded version=14 encoding=SemanticFrame
2026-06-26T04:51:48.189400Z  INFO herdr::logging: herdr starting event="app.startup" subsystem="client" outcome="started" pid=23953
2026-06-26T04:51:48.189472Z  INFO herdr::client: connecting to server path=/Users/topone/.config/herdr/herdr-client.sock
2026-06-26T04:51:48.288580Z  INFO herdr::client: handshake succeeded version=14 encoding=SemanticFrame
2026-06-26T05:41:27.989997Z  INFO herdr::logging: herdr exiting event="app.shutdown" subsystem="client" outcome="completed" pid=23953
2026-06-26T05:41:32.553163Z  INFO herdr::logging: herdr starting event="app.startup" subsystem="client" outcome="started" pid=42059
2026-06-26T05:41:32.553230Z  INFO herdr::client: connecting to server path=/Users/topone/.config/herdr/herdr-client.sock
2026-06-26T05:41:32.790338Z  INFO herdr::client: handshake succeeded version=14 encoding=SemanticFrame
2026-06-26T05:41:47.517168Z  INFO herdr::logging: herdr exiting event="app.shutdown" subsystem="client" outcome="completed" pid=42059
2026-06-26T05:41:49.852096Z  INFO herdr::logging: herdr starting event="app.startup" subsystem="client" outcome="started" pid=42176
2026-06-26T05:41:49.852161Z  INFO herdr::client: connecting to server path=/Users/topone/.config/herdr/herdr-client.sock
2026-06-26T05:41:50.057882Z  INFO herdr::client: handshake succeeded version=14 encoding=SemanticFrame
2026-06-26T06:19:14.382979Z  INFO herdr::logging: herdr exiting event="app.shutdown" subsystem="client" outcome="completed" pid=42176
2026-06-26T06:19:18.912100Z  INFO herdr::logging: herdr starting event="app.startup" subsystem="client" outcome="started" pid=62384
2026-06-26T06:19:18.912180Z  INFO herdr::client: connecting to server path=/Users/topone/.config/herdr/herdr-client.sock
2026-06-26T06:19:18.977170Z  INFO herdr::client: handshake succeeded version=14 encoding=SemanticFrame
2026-06-26T08:00:32.609548Z  INFO herdr::logging: herdr exiting event="app.shutdown" subsystem="client" outcome="completed" pid=62384
2026-06-26T08:00:38.128988Z  INFO herdr::logging: herdr starting event="app.startup" subsystem="client" outcome="started" pid=19927
2026-06-26T08:00:38.129015Z  INFO herdr::client: connecting to server path=/Users/topone/.config/herdr/herdr-client.sock
2026-06-26T08:00:38.327871Z  INFO herdr::client: handshake succeeded version=14 encoding=SemanticFrame
2026-06-26T08:14:33.750087Z  INFO herdr::logging: herdr exiting event="app.shutdown" subsystem="client" outcome="completed" pid=19927
2026-06-26T08:14:39.574061Z  INFO herdr::logging: herdr starting event="app.startup" subsystem="client" outcome="started" pid=32015
2026-06-26T08:14:39.574140Z  INFO herdr::client: connecting to server path=/Users/topone/.config/herdr/herdr-client.sock
2026-06-26T08:14:39.595261Z  INFO herdr::client: handshake succeeded version=14 encoding=SemanticFrame
2026-06-26T08:24:54.693454Z  INFO herdr::logging: herdr exiting event="app.shutdown" subsystem="client" outcome="completed" pid=32015
2026-06-26T08:24:57.314942Z  INFO herdr::logging: herdr starting event="app.startup" subsystem="client" outcome="started" pid=38700
2026-06-26T08:24:57.315013Z  INFO herdr::client: connecting to server path=/Users/topone/.config/herdr/herdr-client.sock
2026-06-26T08:24:57.502773Z  INFO herdr::client: handshake succeeded version=14 encoding=SemanticFrame
2026-06-26T08:37:24.107783Z  INFO herdr::logging: herdr exiting event="app.shutdown" subsystem="client" outcome="completed" pid=38700
2026-06-26T08:37:25.840707Z  INFO herdr::logging: herdr starting event="app.startup" subsystem="client" outcome="started" pid=64324
2026-06-26T08:37:25.840742Z  INFO herdr::client: connecting to server path=/Users/topone/.config/herdr/herdr-client.sock
2026-06-26T08:37:25.870346Z  INFO herdr::client: handshake succeeded version=14 encoding=SemanticFrame
2026-06-26T08:38:56.979534Z  INFO herdr::logging: herdr exiting event="app.shutdown" subsystem="client" outcome="completed" pid=64324
2026-06-26T08:39:04.960711Z  INFO herdr::logging: herdr starting event="app.startup" subsystem="client" outcome="started" pid=65419
2026-06-26T08:39:04.960742Z  INFO herdr::client: connecting to server path=/Users/topone/.config/herdr/herdr-client.sock
2026-06-26T08:39:04.966692Z  INFO herdr::client: handshake succeeded version=14 encoding=SemanticFrame
2026-06-26T08:40:24.056124Z  INFO herdr::logging: herdr exiting event="app.shutdown" subsystem="client" outcome="completed" pid=65419
2026-06-26T08:40:40.580526Z  INFO herdr::logging: herdr starting event="app.startup" subsystem="client" outcome="started" pid=66246
2026-06-26T08:40:40.580553Z  INFO herdr::client: connecting to server path=/Users/topone/.config/herdr/herdr-client.sock
2026-06-26T08:40:40.585325Z  INFO herdr::client: handshake succeeded version=14 encoding=SemanticFrame
2026-06-26T09:26:30.312366Z  INFO herdr::logging: herdr exiting event="app.shutdown" subsystem="client" outcome="completed" pid=66246
2026-06-26T09:26:32.789545Z  INFO herdr::logging: herdr starting event="app.startup" subsystem="client" outcome="started" pid=1768
2026-06-26T09:26:32.789643Z  INFO herdr::client: connecting to server path=/Users/topone/.config/herdr/herdr-client.sock
2026-06-26T09:26:32.869297Z  INFO herdr::client: handshake succeeded version=14 encoding=SemanticFrame
2026-06-26T10:00:16.712977Z  INFO herdr::logging: herdr exiting event="app.shutdown" subsystem="client" outcome="completed" pid=1768
2026-06-26T10:00:18.266450Z  INFO herdr::logging: herdr starting event="app.startup" subsystem="client" outcome="started" pid=23085
2026-06-26T10:00:18.266523Z  INFO herdr::client: connecting to server path=/Users/topone/.config/herdr/herdr-client.sock
2026-06-26T10:00:18.321717Z  INFO herdr::client: handshake succeeded version=14 encoding=SemanticFrame
2026-06-26T20:43:15.991638Z  INFO herdr::logging: herdr exiting event="app.shutdown" subsystem="client" outcome="completed" pid=23085
2026-06-26T20:43:24.713870Z  INFO herdr::logging: herdr starting event="app.startup" subsystem="client" outcome="started" pid=64586
2026-06-26T20:43:24.713942Z  INFO herdr::client: connecting to server path=/Users/topone/.config/herdr/herdr-client.sock
2026-06-26T20:43:24.744885Z  INFO herdr::client: handshake succeeded version=14 encoding=SemanticFrame
2026-06-26T21:19:45.325134Z  INFO herdr::logging: herdr exiting event="app.shutdown" subsystem="client" outcome="completed" pid=64586
2026-06-26T21:19:47.370188Z  INFO herdr::logging: herdr starting event="app.startup" subsystem="client" outcome="started" pid=83223
2026-06-26T21:19:47.370274Z  INFO herdr::client: connecting to server path=/Users/topone/.config/herdr/herdr-client.sock
2026-06-26T21:19:47.622638Z  INFO herdr::client: handshake succeeded version=14 encoding=SemanticFrame
2026-06-30T06:24:46.679885Z  INFO herdr::logging: herdr starting event="app.startup" subsystem="client" outcome="started" pid=21732
2026-06-30T06:24:46.680072Z  INFO herdr::client: connecting to server path=/Users/topone/.config/herdr/herdr-client.sock
2026-06-30T06:24:46.713499Z  INFO herdr::client: handshake succeeded version=14 encoding=SemanticFrame
2026-06-30T08:06:55.507092Z  INFO herdr::logging: herdr starting event="app.startup" subsystem="client" outcome="started" pid=76361
2026-06-30T08:06:55.507219Z  INFO herdr::client: connecting to server path=/Users/topone/.config/herdr/herdr-client.sock
2026-06-30T08:06:55.507422Z  INFO herdr::client: handshake succeeded version=14 encoding=SemanticFrame
2026-07-01T11:14:48.925774Z  INFO herdr::logging: herdr starting event="app.startup" subsystem="client" outcome="started" pid=95838
2026-07-01T11:14:48.926034Z  INFO herdr::client: connecting to server path=/Users/topone/.config/herdr/herdr-client.sock
2026-07-01T11:14:48.980138Z  INFO herdr::client: handshake succeeded version=14 encoding=SemanticFrame
2026-07-01T12:01:44.865479Z  INFO herdr::logging: herdr exiting event="app.shutdown" subsystem="client" outcome="completed" pid=95838
2026-07-01T12:01:46.148891Z  INFO herdr::logging: herdr starting event="app.startup" subsystem="client" outcome="started" pid=58284
2026-07-01T12:01:46.148948Z  INFO herdr::client: connecting to server path=/Users/topone/.config/herdr/herdr-client.sock
2026-07-01T12:01:46.195580Z  INFO herdr::client: handshake succeeded version=14 encoding=SemanticFrame
2026-07-01T17:06:14.486349Z  INFO herdr::logging: herdr starting event="app.startup" subsystem="client" outcome="started" pid=77477
2026-07-01T17:06:14.486541Z  INFO herdr::client: connecting to server path=/Users/topone/.config/herdr/herdr-client.sock
2026-07-01T17:06:14.508353Z  INFO herdr::client: handshake succeeded version=14 encoding=SemanticFrame
2026-07-02T02:54:40.237612Z  INFO herdr::logging: herdr exiting event="app.shutdown" subsystem="client" outcome="completed" pid=77477
2026-07-02T02:54:47.440660Z  INFO herdr::logging: herdr starting event="app.startup" subsystem="client" outcome="started" pid=45012
2026-07-02T02:54:47.440891Z  INFO herdr::client: connecting to server path=/Users/topone/.config/herdr/herdr-client.sock
2026-07-02T02:54:47.445272Z  INFO herdr::client: handshake succeeded version=14 encoding=SemanticFrame
2026-08-21T11:57:05.786319Z  INFO herdr::logging: herdr starting event="app.startup" subsystem="client" outcome="started" pid=21029
2026-08-21T11:57:05.786558Z  INFO herdr::client: connecting to server path=/Users/topone/.config/herdr/herdr-client.sock
2026-08-21T11:57:05.816505Z  INFO herdr::client: handshake succeeded version=16 encoding=SemanticFrame
2026-08-22T18:30:57.737719Z  INFO herdr::logging: herdr starting event="app.startup" subsystem="client" outcome="started" pid=64650
2026-08-22T18:30:57.737977Z  INFO herdr::client: connecting to server path=/Users/topone/.config/herdr/herdr-client.sock
2026-08-22T18:30:57.773320Z  INFO herdr::client: handshake succeeded version=16 encoding=SemanticFrame
2026-08-23T05:20:56.602418Z  INFO herdr::logging: herdr starting event="app.startup" subsystem="client" outcome="started" pid=70186
2026-08-23T05:20:56.602561Z  INFO herdr::client: connecting to server path=/Users/topone/.config/herdr/herdr-client.sock
2026-08-23T05:20:56.624595Z  INFO herdr::client: handshake succeeded version=16 encoding=SemanticFrame
2026-08-23T17:52:44.457914Z  INFO herdr::logging: herdr starting event="app.startup" subsystem="client" outcome="started" pid=62612
2026-08-23T17:52:44.458121Z  INFO herdr::client: connecting to server path=/Users/topone/.config/herdr/herdr-client.sock
2026-08-23T17:52:44.514573Z  INFO herdr::client: handshake succeeded version=16 encoding=SemanticFrame
2026-08-24T04:44:09.983213Z  INFO herdr::logging: herdr starting event="app.startup" subsystem="client" outcome="started" pid=28999
2026-08-24T04:44:09.983414Z  INFO herdr::client: connecting to server path=/Users/topone/.config/herdr/herdr-client.sock
2026-08-24T04:44:10.046114Z  INFO herdr::client: handshake succeeded version=16 encoding=SemanticFrame
2026-08-25T04:02:57.255801Z  INFO herdr::logging: herdr starting event="app.startup" subsystem="client" outcome="started" pid=3223
2026-08-25T04:02:57.255920Z  INFO herdr::client: connecting to server path=/Users/topone/.config/herdr/herdr-client.sock
2026-08-25T04:02:57.358030Z  INFO herdr::client: handshake succeeded version=16 encoding=SemanticFrame
2026-08-25T10:46:57.170901Z  INFO herdr::logging: herdr starting event="app.startup" subsystem="client" outcome="started" pid=52779
2026-08-25T10:46:57.171154Z  INFO herdr::client: connecting to server path=/Users/topone/.config/herdr/herdr-client.sock
2026-08-25T10:46:57.241292Z  INFO herdr::client: handshake succeeded version=16 encoding=SemanticFrame
2026-08-26T12:34:38.417115Z  INFO herdr::logging: herdr starting event="app.startup" subsystem="client" outcome="started" pid=19553
2026-08-26T12:34:38.417470Z  INFO herdr::client: connecting to server path=/Users/topone/.config/herdr/herdr-client.sock
2026-08-26T12:34:38.531950Z  INFO herdr::client: handshake succeeded version=16 encoding=SemanticFrame
2026-08-27T04:47:24.278082Z  INFO herdr::logging: herdr starting event="app.startup" subsystem="client" outcome="started" pid=70062
2026-08-27T04:47:24.278358Z  INFO herdr::client: connecting to server path=/Users/topone/.config/herdr/herdr-client.sock
2026-08-27T04:47:24.523690Z  INFO herdr::client: handshake succeeded version=16 encoding=SemanticFrame
2026-08-29T05:49:24.964683Z  INFO herdr::logging: herdr starting event="app.startup" subsystem="client" outcome="started" pid=6413
2026-08-29T05:49:24.964792Z  INFO herdr::client: connecting to server path=/Users/topone/.config/herdr/herdr-client.sock
2026-08-29T05:49:25.066011Z  INFO herdr::client: handshake succeeded version=16 encoding=SemanticFrame
2026-08-29T05:57:29.515293Z  INFO herdr::logging: herdr starting event="app.startup" subsystem="client" outcome="started" pid=15169
2026-08-29T05:57:29.515534Z  INFO herdr::client: connecting to server path=/Users/topone/.config/herdr/herdr-client.sock
2026-08-29T05:57:29.691856Z  INFO herdr::client: handshake succeeded version=16 encoding=SemanticFrame
2026-08-29T06:03:38.829534Z  INFO herdr::logging: herdr starting event="app.startup" subsystem="client" outcome="started" pid=16957
2026-08-29T06:03:38.829790Z  INFO herdr::client: connecting to server path=/Users/topone/.config/herdr/herdr-client.sock
2026-08-29T06:03:38.977821Z  INFO herdr::client: handshake succeeded version=16 encoding=SemanticFrame
2026-08-29T06:04:18.093711Z  INFO herdr::logging: herdr starting event="app.startup" subsystem="client" outcome="started" pid=17152
2026-08-29T06:04:18.093783Z  INFO herdr::client: connecting to server path=/Users/topone/.config/herdr/herdr-client.sock
2026-08-29T06:04:18.111043Z  INFO herdr::client: handshake succeeded version=16 encoding=SemanticFrame
2026-08-29T06:05:36.306909Z  INFO herdr::logging: herdr starting event="app.startup" subsystem="client" outcome="started" pid=17597
2026-08-29T06:05:36.306949Z  INFO herdr::client: connecting to server path=/Users/topone/.config/herdr/herdr-client.sock
2026-08-29T06:05:36.540993Z  INFO herdr::client: handshake succeeded version=16 encoding=SemanticFrame
2026-08-29T06:07:00.021046Z  INFO herdr::logging: herdr starting event="app.startup" subsystem="client" outcome="started" pid=17922
2026-08-29T06:07:00.024236Z  INFO herdr::client: connecting to server path=/Users/topone/.config/herdr/herdr-client.sock
2026-08-29T06:07:00.221963Z  INFO herdr::client: handshake succeeded version=16 encoding=SemanticFrame
2026-08-29T06:07:07.721471Z  INFO herdr::logging: herdr starting event="app.startup" subsystem="client" outcome="started" pid=18009
2026-08-29T06:07:07.721527Z  INFO herdr::client: connecting to server path=/Users/topone/.config/herdr/herdr-client.sock
2026-08-29T06:07:07.852453Z  INFO herdr::client: handshake succeeded version=16 encoding=SemanticFrame
2026-08-29T07:48:21.648237Z  INFO herdr::logging: herdr starting event="app.startup" subsystem="client" outcome="started" pid=32840
2026-08-29T07:48:21.648293Z  INFO herdr::client: connecting to server path=/Users/topone/.config/herdr/herdr-client.sock
2026-08-29T07:48:21.761002Z  INFO herdr::client: handshake succeeded version=16 encoding=SemanticFrame
2026-08-29T08:48:03.135128Z  INFO herdr::logging: herdr starting event="app.startup" subsystem="client" outcome="started" pid=37908
2026-08-29T08:48:03.135179Z  INFO herdr::client: connecting to server path=/Users/topone/.config/herdr/herdr-client.sock
2026-08-29T08:48:03.211506Z  INFO herdr::client: handshake succeeded version=16 encoding=SemanticFrame
2026-08-29T09:56:07.524816Z  INFO herdr::logging: herdr starting event="app.startup" subsystem="client" outcome="started" pid=1001
2026-08-29T09:56:07.525634Z  INFO herdr::client: connecting to server path=/Users/topone/.config/herdr/herdr-client.sock
2026-08-29T09:56:07.777150Z  INFO herdr::client: handshake succeeded version=16 encoding=SemanticFrame
2026-08-30T08:02:50.486140Z  INFO herdr::logging: herdr starting event="app.startup" subsystem="client" outcome="started" pid=1761
2026-08-30T08:02:50.486262Z  INFO herdr::client: connecting to server path=/Users/topone/.config/herdr/herdr-client.sock
2026-08-30T08:02:50.530102Z  INFO herdr::client: handshake succeeded version=16 encoding=SemanticFrame
2026-09-01T09:00:02.527709Z  INFO herdr::logging: herdr starting event="app.startup" subsystem="client" outcome="started" pid=58851
2026-09-01T09:00:02.527780Z  INFO herdr::client: connecting to server path=/Users/topone/.config/herdr/herdr-client.sock
2026-09-01T09:00:02.629446Z  INFO herdr::client: handshake succeeded version=16 encoding=SemanticFrame
2026-09-01T09:02:32.953218Z  INFO herdr::logging: herdr starting event="app.startup" subsystem="client" outcome="started" pid=59988
2026-09-01T09:02:32.953647Z  INFO herdr::client: connecting to server path=/Users/topone/.config/herdr/herdr-client.sock
2026-09-01T09:02:33.179704Z  INFO herdr::client: handshake succeeded version=16 encoding=SemanticFrame
2026-09-01T19:08:03.523969Z  INFO herdr::logging: herdr starting event="app.startup" subsystem="client" outcome="started" pid=21224
2026-09-01T19:08:03.524153Z  INFO herdr::client: connecting to server path=/Users/topone/.config/herdr/herdr-client.sock
2026-09-01T19:08:03.762756Z  INFO herdr::client: handshake succeeded version=16 encoding=SemanticFrame
2026-09-01T20:53:00.699813Z  WARN herdr::sound: sound playback failed sound=Done err=player exited with exit status: 1
2026-09-02T12:41:44.210228Z  INFO herdr::logging: herdr starting event="app.startup" subsystem="client" outcome="started" pid=4350
2026-09-02T12:41:44.210429Z  INFO herdr::client: connecting to server path=/Users/topone/.config/herdr/herdr-client.sock
2026-09-02T12:41:44.256581Z  INFO herdr::client: handshake succeeded version=16 encoding=SemanticFrame
2026-09-02T12:45:18.328616Z  INFO herdr::logging: herdr starting event="app.startup" subsystem="client" outcome="started" pid=9610
2026-09-02T12:45:18.328662Z  INFO herdr::client: connecting to server path=/Users/topone/.config/herdr/herdr-client.sock
2026-09-02T12:45:18.350816Z  INFO herdr::client: handshake succeeded version=16 encoding=SemanticFrame
2026-09-02T12:53:19.091882Z  INFO herdr::logging: herdr exiting event="app.shutdown" subsystem="client" outcome="completed" pid=4350
2026-09-02T12:53:20.308443Z  INFO herdr::logging: herdr starting event="app.startup" subsystem="client" outcome="started" pid=12549
2026-09-02T12:53:20.308526Z  INFO herdr::client: connecting to server path=/Users/topone/.config/herdr/herdr-client.sock
2026-09-02T12:53:20.392110Z  INFO herdr::client: handshake succeeded version=16 encoding=SemanticFrame
2026-09-19T15:51:51.664290Z  INFO herdr::logging: herdr starting event="app.startup" subsystem="client" outcome="started" pid=91060
2026-09-19T15:51:51.664446Z  INFO herdr::client: connecting to server path=/Users/topone/.config/herdr/herdr-client.sock
2026-09-19T15:51:51.886628Z  INFO herdr::client::handshake: endpoint handshake succeeded generation=1 server_version=0.9.0
2026-09-19T15:52:42.731910Z  INFO herdr::logging: herdr exiting event="app.shutdown" subsystem="client" outcome="completed" pid=91060
2026-09-19T15:56:05.526874Z  INFO herdr::logging: herdr starting event="app.startup" subsystem="client" outcome="started" pid=92348
2026-09-19T15:56:05.527056Z  INFO herdr::client: connecting to server path=/Users/topone/.config/herdr/herdr-client.sock
2026-09-19T15:56:05.752317Z  INFO herdr::client::handshake: endpoint handshake succeeded generation=1 server_version=0.9.0
2026-09-19T19:47:58.176792Z  INFO herdr::client: client terminal unavailable; detaching err=Inappropriate ioctl for device (os error 25)
2026-09-19T19:47:58.177535Z  INFO herdr::logging: herdr exiting event="app.shutdown" subsystem="client" outcome="completed" pid=92348
2026-09-19T21:43:46.759240Z  INFO herdr::logging: herdr starting event="app.startup" subsystem="client" outcome="started" pid=12112
2026-09-19T21:43:46.759420Z  INFO herdr::client: connecting to server path=/Users/topone/.config/herdr/herdr-client.sock
2026-09-19T21:43:46.910303Z  INFO herdr::client::handshake: endpoint handshake succeeded generation=1 server_version=0.9.0
2026-09-20T11:33:22.944806Z  INFO herdr::client: client terminal unavailable; detaching err=Inappropriate ioctl for device (os error 25)
2026-09-20T11:33:22.945898Z  INFO herdr::logging: herdr exiting event="app.shutdown" subsystem="client" outcome="completed" pid=12112
2026-09-20T12:17:55.065494Z  INFO herdr::logging: herdr starting event="app.startup" subsystem="client" outcome="started" pid=18219
2026-09-20T12:17:55.065660Z  INFO herdr::client: connecting to server path=/Users/topone/.config/herdr/herdr-client.sock
2026-09-20T12:17:55.067951Z  INFO herdr::client::handshake: endpoint handshake succeeded generation=1 server_version=0.9.0
2026-09-21T19:43:51.531399Z  INFO herdr::client: client terminal unavailable; detaching err=Inappropriate ioctl for device (os error 25)
2026-09-21T19:43:51.532417Z  INFO herdr::logging: herdr exiting event="app.shutdown" subsystem="client" outcome="completed" pid=18219
2026-09-21T19:44:42.348666Z  INFO herdr::logging: herdr starting event="app.startup" subsystem="client" outcome="started" pid=50595
2026-09-21T19:44:42.348783Z  INFO herdr::client: connecting to server path=/Users/topone/.config/herdr/herdr-client.sock
2026-09-21T19:44:42.587660Z  INFO herdr::client::handshake: endpoint handshake succeeded generation=1 server_version=0.9.0
2026-09-21T19:44:53.464820Z  INFO herdr::client: client terminal unavailable; detaching err=Inappropriate ioctl for device (os error 25)
2026-09-21T19:44:53.465163Z  INFO herdr::logging: herdr exiting event="app.shutdown" subsystem="client" outcome="completed" pid=50595
2026-09-21T20:12:18.079000Z  INFO herdr::logging: herdr starting event="app.startup" subsystem="client" outcome="started" pid=61910
2026-09-21T20:12:18.079148Z  INFO herdr::client: connecting to server path=/Users/topone/.config/herdr/herdr-client.sock
2026-09-21T20:12:18.300255Z  INFO herdr::client::handshake: endpoint handshake succeeded generation=1 server_version=0.9.0
2026-09-21T20:15:30.237243Z  INFO herdr::client: client terminal unavailable; detaching err=Inappropriate ioctl for device (os error 25)
2026-09-21T20:15:30.238609Z  INFO herdr::logging: herdr exiting event="app.shutdown" subsystem="client" outcome="completed" pid=61910
2026-09-21T20:34:03.722060Z  INFO herdr::logging: herdr starting event="app.startup" subsystem="client" outcome="started" pid=71702
2026-09-21T20:34:03.722223Z  INFO herdr::client: connecting to server path=/Users/topone/.config/herdr/herdr-client.sock
2026-09-21T20:34:03.922212Z  INFO herdr::client::handshake: endpoint handshake succeeded generation=1 server_version=0.9.0
2026-09-23T09:21:38.588553Z  INFO herdr::logging: herdr exiting event="app.shutdown" subsystem="client" outcome="completed" pid=71702
2026-09-23T10:27:18.719908Z  INFO herdr::logging: herdr starting event="app.startup" subsystem="client" outcome="started" pid=61798
2026-09-23T10:27:18.720088Z  INFO herdr::client: connecting to server path=/Users/topone/.config/herdr/herdr-client.sock
2026-09-23T10:27:18.962014Z  INFO herdr::client::handshake: endpoint handshake succeeded generation=1 server_version=0.9.0
2026-09-24T06:47:04.128180Z  INFO herdr::logging: herdr exiting event="app.shutdown" subsystem="client" outcome="completed" pid=61798
2026-09-24T07:09:23.046572Z  INFO herdr::logging: herdr starting event="app.startup" subsystem="client" outcome="started" pid=43086
2026-09-24T07:09:23.046769Z  INFO herdr::client: connecting to server path=/Users/topone/.config/herdr/herdr-client.sock
2026-09-24T07:09:23.228775Z  INFO herdr::client::handshake: endpoint handshake succeeded generation=1 server_version=0.9.0
2026-09-25T08:32:04.108104Z  INFO herdr::logging: herdr exiting event="app.shutdown" subsystem="client" outcome="completed" pid=43086
2026-09-25T09:39:49.319108Z  INFO herdr::logging: herdr starting event="app.startup" subsystem="client" outcome="started" pid=56961
2026-09-25T09:39:49.319271Z  INFO herdr::client: connecting to server path=/Users/topone/.config/herdr/herdr-client.sock
2026-09-25T09:39:49.499071Z  INFO herdr::client::handshake: endpoint handshake succeeded generation=1 server_version=0.9.0
2026-09-25T10:05:22.172590Z  WARN herdr::sound: sound playback failed sound=Done err=player exited with exit status: 1: Error: AudioQueueStart failed (-66681)
2026-09-25T17:12:20.559378Z  INFO herdr::logging: herdr exiting event="app.shutdown" subsystem="client" outcome="completed" pid=56961
2026-09-25T20:49:31.924217Z  INFO herdr::logging: herdr starting event="app.startup" subsystem="client" outcome="started" pid=9096
2026-09-25T20:49:31.924381Z  INFO herdr::client: connecting to server path=/Users/topone/.config/herdr/herdr-client.sock
2026-09-25T20:49:32.113328Z  INFO herdr::client::handshake: endpoint handshake succeeded generation=1 server_version=0.9.0
2026-09-25T21:11:07.912308Z  INFO herdr::client: client terminal unavailable; detaching err=Inappropriate ioctl for device (os error 25)
2026-09-25T21:11:07.913241Z  INFO herdr::logging: herdr exiting event="app.shutdown" subsystem="client" outcome="completed" pid=9096
2026-09-25T21:33:03.369730Z  INFO herdr::logging: herdr starting event="app.startup" subsystem="client" outcome="started" pid=18416
2026-09-25T21:33:03.369785Z  INFO herdr::client: connecting to server path=/Users/topone/.config/herdr/herdr-client.sock
2026-09-25T21:33:03.619451Z  INFO herdr::client::handshake: endpoint handshake succeeded generation=1 server_version=0.9.0
2026-09-26T22:40:00.239306Z  WARN herdr::sound: sound playback failed sound=Done err=player exited with exit status: 1: Error: AudioQueueStart failed (-66681)
2026-09-27T20:27:59.865975Z  INFO herdr::logging: herdr exiting event="app.shutdown" subsystem="client" outcome="completed" pid=18416
2026-09-28T10:14:29.007917Z  INFO herdr::logging: herdr starting event="app.startup" subsystem="client" outcome="started" pid=25037
2026-09-28T10:14:29.008112Z  INFO herdr::client: connecting to server path=/Users/topone/.config/herdr/herdr-client.sock
2026-09-28T10:14:29.096048Z  INFO herdr::client::handshake: endpoint handshake succeeded generation=1 server_version=0.9.0
2026-09-28T11:04:00.977021Z  INFO herdr::client: client terminal unavailable; detaching err=Inappropriate ioctl for device (os error 25)
2026-09-28T11:04:00.978240Z  INFO herdr::logging: herdr exiting event="app.shutdown" subsystem="client" outcome="completed" pid=25037
2026-09-28T11:34:21.395873Z  INFO herdr::logging: herdr starting event="app.startup" subsystem="client" outcome="started" pid=46987
2026-09-28T11:34:21.396059Z  INFO herdr::client: connecting to server path=/var/folders/37/8v9ln7td3_333x90r8332l4r0000gn/T/herdr-remote-46484-topone-100.94.74.86-default.sock
2026-09-28T11:34:21.664875Z  INFO herdr::client::handshake: endpoint handshake succeeded generation=1 server_version=0.9.0
2026-09-28T11:34:38.412343Z  INFO herdr::logging: herdr exiting event="app.shutdown" subsystem="client" outcome="completed" pid=46987
2026-09-28T11:34:41.449014Z  INFO herdr::logging: herdr starting event="app.startup" subsystem="client" outcome="started" pid=47508
2026-09-28T11:34:41.449076Z  INFO herdr::client: connecting to server path=/var/folders/37/8v9ln7td3_333x90r8332l4r0000gn/T/herdr-remote-47390-topone-100.94.74.86-default.sock
2026-09-28T11:34:41.777812Z  INFO herdr::client::handshake: endpoint handshake succeeded generation=1 server_version=0.9.0
2026-09-28T11:36:20.026031Z  INFO herdr::logging: herdr exiting event="app.shutdown" subsystem="client" outcome="completed" pid=47508
2026-09-28T11:36:21.898324Z  INFO herdr::logging: herdr starting event="app.startup" subsystem="client" outcome="started" pid=48685
2026-09-28T11:36:21.898374Z  INFO herdr::client: connecting to server path=/var/folders/37/8v9ln7td3_333x90r8332l4r0000gn/T/herdr-remote-48566-topone-100.94.74.86-default.sock
2026-09-28T11:36:22.138130Z  INFO herdr::client::handshake: endpoint handshake succeeded generation=1 server_version=0.9.0
2026-09-28T11:36:29.463938Z  INFO herdr::logging: herdr exiting event="app.shutdown" subsystem="client" outcome="completed" pid=48685
2026-09-28T11:42:38.156529Z  INFO herdr::logging: herdr starting event="app.startup" subsystem="client" outcome="started" pid=55523
2026-09-28T11:42:38.156902Z  INFO herdr::client: connecting to server path=/var/folders/37/8v9ln7td3_333x90r8332l4r0000gn/T/herdr-remote-55405-topone-100.94.74.86-default.sock
2026-09-28T11:42:38.476346Z  INFO herdr::client::handshake: endpoint handshake succeeded generation=1 server_version=0.9.0
2026-09-28T11:42:46.045593Z  INFO herdr::logging: herdr exiting event="app.shutdown" subsystem="client" outcome="completed" pid=55523
2026-09-28T11:47:02.275149Z  INFO herdr::logging: herdr starting event="app.startup" subsystem="client" outcome="started" pid=60593
2026-09-28T11:47:02.276676Z  INFO herdr::client: connecting to server path=/var/folders/37/8v9ln7td3_333x90r8332l4r0000gn/T/herdr-remote-60467-topone-100.94.74.86-default.sock
2026-09-28T11:47:02.597432Z  INFO herdr::client::handshake: endpoint handshake succeeded generation=1 server_version=0.9.0
2026-09-28T11:47:09.174632Z  INFO herdr::logging: herdr exiting event="app.shutdown" subsystem="client" outcome="completed" pid=60593
2026-09-28T11:47:31.686951Z  INFO herdr::logging: herdr starting event="app.startup" subsystem="client" outcome="started" pid=61892
2026-09-28T11:47:31.687167Z  INFO herdr::client: connecting to server path=/var/folders/37/8v9ln7td3_333x90r8332l4r0000gn/T/herdr-remote-60964-topones-mac-mini-default.sock
2026-09-28T11:47:32.127805Z  INFO herdr::client::handshake: endpoint handshake succeeded generation=1 server_version=0.9.0
2026-09-28T11:47:48.679639Z  INFO herdr::logging: herdr exiting event="app.shutdown" subsystem="client" outcome="completed" pid=61892
2026-09-28T11:48:04.057597Z  INFO herdr::logging: herdr starting event="app.startup" subsystem="client" outcome="started" pid=63882
2026-09-28T11:48:04.058050Z  INFO herdr::client: connecting to server path=/var/folders/37/8v9ln7td3_333x90r8332l4r0000gn/T/herdr-remote-63761-topones-mac-mini-default.sock
2026-09-28T11:48:04.477834Z  INFO herdr::client::handshake: endpoint handshake succeeded generation=1 server_version=0.9.0
2026-09-28T11:48:11.968048Z  INFO herdr::logging: herdr exiting event="app.shutdown" subsystem="client" outcome="completed" pid=63882
2026-09-28T11:48:22.501154Z  INFO herdr::logging: herdr starting event="app.startup" subsystem="client" outcome="started" pid=64256
2026-09-28T11:48:22.501438Z  INFO herdr::client: connecting to server path=/var/folders/37/8v9ln7td3_333x90r8332l4r0000gn/T/herdr-remote-64121-topones-mac-mini-default.sock
2026-09-28T11:48:22.766967Z  INFO herdr::client::handshake: endpoint handshake succeeded generation=1 server_version=0.9.0
2026-09-28T11:49:47.405394Z  INFO herdr::logging: herdr starting event="app.startup" subsystem="client" outcome="started" pid=65485
2026-09-28T11:49:47.405641Z  INFO herdr::client: connecting to server path=/Users/topone/.config/herdr/herdr-client.sock
2026-09-28T11:49:47.614529Z  INFO herdr::client::handshake: endpoint handshake succeeded generation=1 server_version=0.9.0
2026-09-28T11:50:45.295801Z  INFO herdr::logging: herdr exiting event="app.shutdown" subsystem="client" outcome="completed" pid=65485
2026-09-28T11:50:46.223473Z  INFO herdr::logging: herdr starting event="app.startup" subsystem="client" outcome="started" pid=69964
2026-09-28T11:50:46.223528Z  INFO herdr::client: connecting to server path=/Users/topone/.config/herdr/herdr-client.sock
2026-09-28T11:50:46.304528Z  INFO herdr::client::handshake: endpoint handshake succeeded generation=1 server_version=0.9.0
2026-09-28T11:50:57.183605Z  INFO herdr::logging: herdr exiting event="app.shutdown" subsystem="client" outcome="completed" pid=64256
2026-09-28T11:51:02.507982Z  INFO herdr::logging: herdr starting event="app.startup" subsystem="client" outcome="started" pid=70208
2026-09-28T11:51:02.508035Z  INFO herdr::client: connecting to server path=/var/folders/37/8v9ln7td3_333x90r8332l4r0000gn/T/herdr-remote-70089-topones-mac-mini-default.sock
2026-09-28T11:51:02.895990Z  INFO herdr::client::handshake: endpoint handshake succeeded generation=1 server_version=0.9.0
2026-09-28T11:51:31.758139Z  INFO herdr::logging: herdr exiting event="app.shutdown" subsystem="client" outcome="completed" pid=70208
2026-09-28T11:51:35.935512Z  INFO herdr::logging: herdr starting event="app.startup" subsystem="client" outcome="started" pid=70653
2026-09-28T11:51:35.935551Z  INFO herdr::client: connecting to server path=/var/folders/37/8v9ln7td3_333x90r8332l4r0000gn/T/herdr-remote-70535-topones-mac-mini-default.sock
2026-09-28T11:51:36.337937Z  INFO herdr::client::handshake: endpoint handshake succeeded generation=1 server_version=0.9.0
2026-09-28T11:51:44.078324Z  INFO herdr::logging: herdr exiting event="app.shutdown" subsystem="client" outcome="completed" pid=70653
2026-09-28T11:52:03.285966Z  INFO herdr::logging: herdr starting event="app.startup" subsystem="client" outcome="started" pid=71096
2026-09-28T11:52:03.286028Z  INFO herdr::client: connecting to server path=/Users/topone/.config/herdr/herdr-client.sock
2026-09-28T11:52:03.421065Z  INFO herdr::client::handshake: endpoint handshake succeeded generation=1 server_version=0.9.0
2026-09-28T11:52:11.533412Z  INFO herdr::logging: herdr starting event="app.startup" subsystem="client" outcome="started" pid=71254
2026-09-28T11:52:11.533465Z  INFO herdr::client: connecting to server path=/var/folders/37/8v9ln7td3_333x90r8332l4r0000gn/T/herdr-remote-71129-topones-mac-mini-default.sock
2026-09-28T11:52:11.865986Z  INFO herdr::client::handshake: endpoint handshake succeeded generation=1 server_version=0.9.0
2026-09-28T12:22:24.356602Z  INFO herdr::logging: herdr starting event="app.startup" subsystem="client" outcome="started" pid=1756
2026-09-28T12:22:24.356705Z  INFO herdr::client: connecting to server path=/Users/topone/.config/herdr/herdr-client.sock
2026-09-28T12:22:24.416329Z  INFO herdr::client::handshake: endpoint handshake succeeded generation=1 server_version=0.9.0
2026-09-28T12:28:23.939676Z  INFO herdr::logging: herdr starting event="app.startup" subsystem="client" outcome="started" pid=9007
2026-09-28T12:28:23.939886Z  INFO herdr::client: connecting to server path=/Users/topone/.config/herdr/herdr-client.sock
2026-09-28T12:28:24.048622Z  INFO herdr::client::handshake: endpoint handshake succeeded generation=1 server_version=0.9.0
2026-09-28T12:28:46.134815Z  INFO herdr::logging: herdr exiting event="app.shutdown" subsystem="client" outcome="completed" pid=9007
2026-09-28T12:29:01.970593Z  INFO herdr::logging: herdr starting event="app.startup" subsystem="client" outcome="started" pid=9480
2026-09-28T12:29:01.970625Z  INFO herdr::client: connecting to server path=/Users/topone/.config/herdr/herdr-client.sock
2026-09-28T12:29:02.068196Z  INFO herdr::client::handshake: endpoint handshake succeeded generation=1 server_version=0.9.0
2026-09-28T12:32:15.629013Z  INFO herdr::logging: herdr exiting event="app.shutdown" subsystem="client" outcome="completed" pid=9480
2026-09-28T12:40:20.042053Z  INFO herdr::logging: herdr exiting event="app.shutdown" subsystem="client" outcome="completed" pid=71254
2026-09-28T12:42:53.164399Z  INFO herdr::client: client terminal unavailable; detaching err=Inappropriate ioctl for device (os error 25)
2026-09-28T12:42:53.165100Z  INFO herdr::logging: herdr exiting event="app.shutdown" subsystem="client" outcome="completed" pid=71096
2026-09-28T12:43:25.637859Z  INFO herdr::logging: herdr starting event="app.startup" subsystem="client" outcome="started" pid=30418
2026-09-28T12:43:25.637928Z  INFO herdr::client: connecting to server path=/var/folders/37/8v9ln7td3_333x90r8332l4r0000gn/T/herdr-remote-30299-topones-mac-mini-default.sock
2026-09-28T12:43:25.799376Z  INFO herdr::client::handshake: endpoint handshake succeeded generation=1 server_version=0.9.0
2026-09-28T13:14:11.240333Z  INFO herdr::logging: herdr exiting event="app.shutdown" subsystem="client" outcome="completed" pid=30418
2026-09-28T13:45:55.448195Z  INFO herdr::logging: herdr exiting event="app.shutdown" subsystem="client" outcome="completed" pid=69964
2026-09-28T13:45:56.577188Z  INFO herdr::logging: herdr starting event="app.startup" subsystem="client" outcome="started" pid=12841
2026-09-28T13:45:56.577243Z  INFO herdr::client: connecting to server path=/Users/topone/.config/herdr/herdr-client.sock
2026-09-28T13:45:56.593265Z  INFO herdr::client::handshake: endpoint handshake succeeded generation=1 server_version=0.9.0
2026-09-28T13:45:58.189823Z  INFO herdr::logging: herdr exiting event="app.shutdown" subsystem="client" outcome="completed" pid=12841
2026-09-28T13:45:59.222393Z  INFO herdr::logging: herdr starting event="app.startup" subsystem="client" outcome="started" pid=12852
2026-09-28T13:45:59.222461Z  INFO herdr::client: connecting to server path=/Users/topone/.config/herdr/herdr-client.sock
2026-09-28T13:45:59.290197Z  INFO herdr::client::handshake: endpoint handshake succeeded generation=1 server_version=0.9.0
2026-09-28T13:46:00.627767Z  INFO herdr::logging: herdr exiting event="app.shutdown" subsystem="client" outcome="completed" pid=12852
2026-09-28T13:46:01.722954Z  INFO herdr::logging: herdr starting event="app.startup" subsystem="client" outcome="started" pid=12865
2026-09-28T13:46:01.723015Z  INFO herdr::client: connecting to server path=/Users/topone/.config/herdr/herdr-client.sock
2026-09-28T13:46:01.731567Z  INFO herdr::client::handshake: endpoint handshake succeeded generation=1 server_version=0.9.0
2026-09-28T19:25:23.039624Z  INFO herdr::logging: herdr starting event="app.startup" subsystem="client" outcome="started" pid=3066
2026-09-28T19:25:23.039818Z  INFO herdr::client: connecting to server path=/var/folders/37/8v9ln7td3_333x90r8332l4r0000gn/T/herdr-remote-2948-topones-mac-mini-default.sock
2026-09-28T19:25:23.262337Z  INFO herdr::client::handshake: endpoint handshake succeeded generation=1 server_version=0.9.0
2026-09-28T19:26:28.976646Z  INFO herdr::logging: herdr exiting event="app.shutdown" subsystem="client" outcome="completed" pid=3066
2026-09-28T21:18:39.777910Z  INFO herdr::logging: herdr starting event="app.startup" subsystem="client" outcome="started" pid=63363
2026-09-28T21:18:39.778118Z  INFO herdr::client: connecting to server path=/Users/topone/.config/herdr/herdr-client.sock
2026-09-28T21:18:39.851299Z  INFO herdr::client::handshake: endpoint handshake succeeded generation=1 server_version=0.9.0
2026-09-28T21:22:58.938957Z  INFO herdr::logging: herdr exiting event="app.shutdown" subsystem="client" outcome="completed" pid=63363
2026-09-29T20:45:37.757107Z  INFO herdr::logging: herdr starting event="app.startup" subsystem="client" outcome="started" pid=96201
2026-09-29T20:45:37.757303Z  INFO herdr::client: connecting to server path=/Users/topone/.config/herdr/herdr-client.sock
2026-09-29T20:45:37.767728Z  INFO herdr::client::handshake: endpoint handshake succeeded generation=1 server_version=0.9.0
2026-09-29T20:46:36.224331Z  INFO herdr::logging: herdr exiting event="app.shutdown" subsystem="client" outcome="completed" pid=96201
2026-09-29T21:24:02.551203Z  INFO herdr::logging: herdr starting event="app.startup" subsystem="client" outcome="started" pid=21155
2026-09-29T21:24:02.551393Z  INFO herdr::client: connecting to server path=/Users/topone/.config/herdr/herdr-client.sock
2026-09-29T21:24:02.601637Z  INFO herdr::client::handshake: endpoint handshake succeeded generation=1 server_version=0.9.0
2026-09-29T21:25:35.559886Z  INFO herdr::logging: herdr exiting event="app.shutdown" subsystem="client" outcome="completed" pid=21155
2026-09-30T11:27:13.992619Z  INFO herdr::logging: herdr exiting event="app.shutdown" subsystem="client" outcome="completed" pid=12865
2026-09-30T11:27:15.960761Z  INFO herdr::logging: herdr starting event="app.startup" subsystem="client" outcome="started" pid=55483
2026-09-30T11:27:15.960812Z  INFO herdr::client: connecting to server path=/Users/topone/.config/herdr/herdr-client.sock
2026-09-30T11:27:16.203449Z  INFO herdr::client::handshake: endpoint handshake succeeded generation=1 server_version=0.9.0
2026-09-30T20:59:59.689507Z  INFO herdr::logging: herdr starting event="app.startup" subsystem="client" outcome="started" pid=90566
2026-09-30T20:59:59.690172Z  INFO herdr::client: connecting to server path=/Users/topone/.config/herdr/herdr-client.sock
2026-09-30T20:59:59.802205Z  INFO herdr::client::handshake: endpoint handshake succeeded generation=1 server_version=0.9.0
2026-09-30T21:06:50.536067Z  INFO herdr::logging: herdr exiting event="app.shutdown" subsystem="client" outcome="completed" pid=90566
2026-10-01T08:22:03.894038Z  INFO herdr::logging: herdr starting event="app.startup" subsystem="client" outcome="started" pid=38318
2026-10-01T08:22:03.894205Z  INFO herdr::client: connecting to server path=/Users/topone/.config/herdr/herdr-client.sock
2026-10-01T08:22:03.962751Z  INFO herdr::client::handshake: endpoint handshake succeeded generation=1 server_version=0.9.0
2026-10-01T08:22:10.329416Z  INFO herdr::logging: herdr exiting event="app.shutdown" subsystem="client" outcome="completed" pid=38318
2026-10-01T08:25:00.716405Z  INFO herdr::logging: herdr starting event="app.startup" subsystem="client" outcome="started" pid=38877
2026-10-01T08:25:00.716456Z  INFO herdr::client: connecting to server path=/Users/topone/.config/herdr/herdr-client.sock
2026-10-01T08:25:00.807465Z  INFO herdr::client::handshake: endpoint handshake succeeded generation=1 server_version=0.9.0
2026-10-01T08:39:59.070118Z  INFO herdr::logging: herdr exiting event="app.shutdown" subsystem="client" outcome="completed" pid=38877
2026-10-01T08:48:18.823020Z  INFO herdr::logging: herdr starting event="app.startup" subsystem="client" outcome="started" pid=46256
2026-10-01T08:48:18.823065Z  INFO herdr::client: connecting to server path=/Users/topone/.config/herdr/herdr-client.sock
2026-10-01T08:48:19.044023Z  INFO herdr::client::handshake: endpoint handshake succeeded generation=1 server_version=0.9.0
2026-10-01T08:49:40.321714Z  INFO herdr::logging: herdr exiting event="app.shutdown" subsystem="client" outcome="completed" pid=46256
2026-10-01T17:28:27.384688Z  INFO herdr::logging: herdr starting event="app.startup" subsystem="client" outcome="started" pid=2463
2026-10-01T17:28:27.384838Z  INFO herdr::client: connecting to server path=/Users/topone/.config/herdr/herdr-client.sock
2026-10-01T17:28:27.447948Z  INFO herdr::client::handshake: endpoint handshake succeeded generation=1 server_version=0.9.0
2026-10-01T19:31:41.485575Z  INFO herdr::logging: herdr starting event="app.startup" subsystem="client" outcome="started" pid=82286
2026-10-01T19:31:41.485875Z  INFO herdr::client: connecting to server path=/Users/topone/.config/herdr/herdr-client.sock
2026-10-01T19:31:41.487365Z  INFO herdr::client::handshake: endpoint handshake succeeded generation=1 server_version=0.9.0
2026-10-01T20:01:23.913371Z  INFO herdr::logging: herdr exiting event="app.shutdown" subsystem="client" outcome="completed" pid=82286
2026-10-02T07:50:40.111125Z  INFO herdr::logging: herdr exiting event="app.shutdown" subsystem="client" outcome="completed" pid=2463
2026-10-02T07:53:59.850551Z  INFO herdr::logging: herdr starting event="app.startup" subsystem="client" outcome="started" pid=93142
2026-10-02T07:53:59.850828Z  INFO herdr::client: connecting to server path=/Users/topone/.config/herdr/herdr-client.sock
2026-10-02T07:53:59.867592Z  INFO herdr::client::handshake: endpoint handshake succeeded generation=1 server_version=0.9.0
2026-10-02T16:34:35.343536Z  INFO herdr::client: client terminal unavailable; detaching err=Inappropriate ioctl for device (os error 25)
2026-10-02T16:34:35.345001Z  INFO herdr::logging: herdr exiting event="app.shutdown" subsystem="client" outcome="completed" pid=93142
2026-10-02T16:36:22.815493Z  INFO herdr::logging: herdr starting event="app.startup" subsystem="client" outcome="started" pid=87977
2026-10-02T16:36:22.815509Z  INFO herdr::client: connecting to server path=/Users/topone/.config/herdr/herdr-client.sock
2026-10-02T16:36:22.861797Z  INFO herdr::client::handshake: endpoint handshake succeeded generation=1 server_version=0.9.0
2026-10-03T16:39:49.165333Z  INFO herdr::logging: herdr exiting event="app.shutdown" subsystem="client" outcome="completed" pid=87977
2026-10-04T14:57:56.784931Z  INFO herdr::logging: herdr starting event="app.startup" subsystem="client" outcome="started" pid=22714
2026-10-04T14:57:56.785100Z  INFO herdr::client: connecting to server path=/Users/topone/.config/herdr/herdr-client.sock
2026-10-04T14:57:56.792501Z  INFO herdr::client::handshake: endpoint handshake succeeded generation=1 server_version=0.9.0
2026-10-04T14:59:53.087727Z  INFO herdr::logging: herdr starting event="app.startup" subsystem="client" outcome="started" pid=23507
2026-10-04T14:59:53.087786Z  INFO herdr::client: connecting to server path=/Users/topone/.config/herdr/herdr-client.sock
2026-10-04T14:59:53.246775Z  INFO herdr::client::handshake: endpoint handshake succeeded generation=1 server_version=0.9.0
2026-10-04T14:59:53.965546Z  INFO herdr::logging: herdr exiting event="app.shutdown" subsystem="client" outcome="completed" pid=22714
2026-10-05T05:55:21.247163Z  INFO herdr::logging: herdr exiting event="app.shutdown" subsystem="client" outcome="completed" pid=23507
2026-10-06T08:01:03.010383Z  INFO herdr::logging: herdr starting event="app.startup" subsystem="client" outcome="started" pid=56018
2026-10-06T08:01:03.010587Z  INFO herdr::client: connecting to server path=/Users/topone/.config/herdr/herdr-client.sock
2026-10-06T08:01:03.228766Z  INFO herdr::client::handshake: endpoint handshake succeeded generation=1 server_version=0.9.0
2026-10-06T12:58:57.725140Z  INFO herdr::logging: herdr exiting event="app.shutdown" subsystem="client" outcome="completed" pid=56018
2026-10-06T13:40:46.386881Z  INFO herdr::logging: herdr starting event="app.startup" subsystem="client" outcome="started" pid=19653
2026-10-06T13:40:46.387081Z  INFO herdr::client: connecting to server path=/Users/topone/.config/herdr/herdr-client.sock
2026-10-06T13:40:46.436149Z  INFO herdr::client::handshake: endpoint handshake succeeded generation=1 server_version=0.9.0
2026-10-06T19:36:14.895185Z  INFO herdr::logging: herdr starting event="app.startup" subsystem="client" outcome="started" pid=42453
2026-10-06T19:36:14.895424Z  INFO herdr::client: connecting to server path=/Users/topone/.config/herdr/herdr-client.sock
2026-10-06T19:36:15.139881Z  INFO herdr::client::handshake: endpoint handshake succeeded generation=1 server_version=0.9.0
2026-10-06T19:37:34.159368Z  WARN herdr::raw_input: flushing lone escape after input timeout; if this follows an alt chord or focus switch it may reach the pane as plain esc bytes=[27]
2026-10-06T19:37:34.159517Z  WARN herdr::raw_input: flushing lone escape after input timeout; if this follows an alt chord or focus switch it may reach the pane as plain esc bytes=[27]
2026-10-06T19:38:44.280282Z  INFO herdr::logging: herdr exiting event="app.shutdown" subsystem="client" outcome="completed" pid=42453
2026-10-07T02:59:27.177357Z  INFO herdr::logging: herdr exiting event="app.shutdown" subsystem="client" outcome="completed" pid=19653
2026-10-07T03:02:19.901993Z  INFO herdr::logging: herdr starting event="app.startup" subsystem="client" outcome="started" pid=1838
2026-10-07T03:02:19.902129Z  INFO herdr::client: connecting to server path=/Users/topone/.config/herdr/herdr-client.sock
2026-10-07T03:02:19.919379Z  INFO herdr::client::handshake: endpoint handshake succeeded generation=1 server_version=0.9.0
2026-10-08T06:18:44.427687Z  INFO herdr::logging: herdr exiting event="app.shutdown" subsystem="client" outcome="completed" pid=1838
2026-10-08T07:01:09.461725Z  INFO herdr::logging: herdr starting event="app.startup" subsystem="client" outcome="started" pid=1488
2026-10-08T07:01:09.462019Z  INFO herdr::client: connecting to server path=/Users/topone/.config/herdr/herdr-client.sock
2026-10-08T07:01:09.476499Z  INFO herdr::client::handshake: endpoint handshake succeeded generation=1 server_version=0.9.0
